250706090849: : histtbeee
250706090857: HistoryLogin.php: login edit regist
250706090857: HistoryAdmin.php: first_pass
250706090857: HistoryAdmin.php: eee
250706090857: HistoryAdmin.php: second pass
250706090923: HistoryLogin.php: login edit regist
250706092002: : histtbeee
250706092009: HistoryLogin.php: login edit regist
250706100627: HistoryMain.php: select * from historylogeee where type='1' order by type, logtime desc
250706100900: HistoryMain.php: select * from historylogeee where type='1' order by type, logtime desc
250706100921: HistoryLogin.php: login edit regist
250706101041: : histtbeee
250706101054: HistoryLogin.php: login edit regist
250706101259: : histtbeee
250706101312: HistoryLogin.php: login edit regist
250706101312: HistoryMain.php: param:select * from historylogeee order by type, logtime desc
250706101545: : histtbeee
250706101553: HistoryLogin.php: login edit regist
250706101553: HistoryMain.php: param:select * from historylogeee order by type, logtime desc
250706102045: : histtbeee
250706102055: HistoryLogin.php: login edit regist
250706102055: HistoryMain.php: param:select * from historylogeee order by type, logtime desc
250706111729: : histtbeee
250706111733: : histtbeee
250706111741: HistoryLogin.php: login edit regist
250706111741: HistoryMain.php: param:select * from historylogeee order by type, logtime desc
250706111741: HistoryMain.php: histClassArr:白１:1;黄色２:2;橙３:3;赤４:4;灰色５:5;クラス6:1;クラス7:1;クラス8:1;クラス9:1
250706111741: HistoryMain.php: gethisttb:白１:1;黄色２:2;橙３:3;赤４:4;灰色５:5;クラス6:1;クラス7:1;クラス8:1;クラス9:1
250706112729: : histtbeee
250706112736: HistoryLogin.php: login edit regist
250706112737: HistoryMain.php: param:select * from historylogeee order by type, logtime desc
250706112737: HistoryMain.php: histClassArr:白１:1;黄色２:2;橙３:3;赤４:4;灰色５:5;クラス6:1;クラス7:1;クラス8:1;クラス9:1
250706113348: : histtbeee
250706113356: HistoryLogin.php: login edit regist
250706113356: HistoryMain.php: param:select * from historylogeee order by type, logtime desc
250706113356: HistoryMain.php: histClassArr:白１:1;黄色２:2;橙３:3;赤４:4;灰色５:5;クラス6:1;クラス7:1;クラス8:1;クラス9:1
250706113356: HistoryMain.php: logtype:白１ bgcolor:cwhite
250706113356: HistoryMain.php: logtype:白１ bgcolor:cwhite
250706113356: HistoryMain.php: logtype:白１ bgcolor:cwhite
250706113356: HistoryMain.php: logtype:白１ bgcolor:cwhite
250706113356: HistoryMain.php: logtype:白１ bgcolor:cwhite
250706113356: HistoryMain.php: logtype:白１ bgcolor:cwhite
250706113356: HistoryMain.php: logtype:白１ bgcolor:cwhite
250706113356: HistoryMain.php: logtype:白１ bgcolor:cwhite
250706113356: HistoryMain.php: logtype:白１ bgcolor:cwhite
250706123833: HistoryMain.php: param:select * from historylogeee order by type, logtime desc
250706123833: HistoryMain.php: histClassArr:白１:1;黄色２:2;橙３:3;赤４:4;灰色５:5;クラス6:1;クラス7:1;クラス8:1;クラス9:1
250706123833: HistoryMain.php: logtype:白１ bgcolor:cwhite
250706123833: HistoryMain.php: logtype:白１ bgcolor:cwhite
250706123833: HistoryMain.php: logtype:白１ bgcolor:cwhite
250706123833: HistoryMain.php: logtype:白１ bgcolor:cwhite
250706123833: HistoryMain.php: logtype:白１ bgcolor:cwhite
250706123833: HistoryMain.php: logtype:白１ bgcolor:cwhite
250706123833: HistoryMain.php: logtype:白１ bgcolor:cwhite
250706123833: HistoryMain.php: logtype:白１ bgcolor:cwhite
250706123833: HistoryMain.php: logtype:白１ bgcolor:cwhite
250706123833: HistoryMain.php: logtype:黄色２ bgcolor:cyellow
250706123833: HistoryMain.php: logtype:黄色２ bgcolor:cyellow
250706123833: HistoryMain.php: logtype:黄色２ bgcolor:cyellow
250706123833: HistoryMain.php: logtype:黄色２ bgcolor:cyellow
250706123833: HistoryMain.php: logtype:黄色２ bgcolor:cyellow
250706123833: HistoryMain.php: logtype:黄色２ bgcolor:cyellow
250706123833: HistoryMain.php: logtype:黄色２ bgcolor:cyellow
250706123833: HistoryMain.php: logtype:黄色２ bgcolor:cyellow
250706123833: HistoryMain.php: logtype:黄色２ bgcolor:cyellow
250706123911: HistoryMain.php: param:select * from historylogeee order by type, logtime desc
250706123911: HistoryMain.php: histClassArr:白１:1;黄色２:2;橙３:3;赤４:4;灰色５:5;クラス6:1;クラス7:1;クラス8:1;クラス9:1
250706123911: HistoryMain.php: logtype:白１ bgcolor:cwhite
250706123911: HistoryMain.php: logtype:白１ bgcolor:cwhite
250706123911: HistoryMain.php: logtype:白１ bgcolor:cwhite
250706123911: HistoryMain.php: logtype:白１ bgcolor:cwhite
250706123911: HistoryMain.php: logtype:白１ bgcolor:cwhite
250706123911: HistoryMain.php: logtype:白１ bgcolor:cwhite
250706123911: HistoryMain.php: logtype:白１ bgcolor:cwhite
250706123911: HistoryMain.php: logtype:白１ bgcolor:cwhite
250706123911: HistoryMain.php: logtype:白１ bgcolor:cwhite
250706123911: HistoryMain.php: logtype:黄色２ bgcolor:cyellow
250706123911: HistoryMain.php: logtype:黄色２ bgcolor:cyellow
250706123911: HistoryMain.php: logtype:黄色２ bgcolor:cyellow
250706123911: HistoryMain.php: logtype:黄色２ bgcolor:cyellow
250706123911: HistoryMain.php: logtype:黄色２ bgcolor:cyellow
250706123911: HistoryMain.php: logtype:黄色２ bgcolor:cyellow
250706123911: HistoryMain.php: logtype:黄色２ bgcolor:cyellow
250706123911: HistoryMain.php: logtype:黄色２ bgcolor:cyellow
250706123911: HistoryMain.php: logtype:黄色２ bgcolor:cyellow
250706123911: HistoryMain.php: logtype:橙３ bgcolor:corang
250706123911: HistoryMain.php: logtype:橙３ bgcolor:corang
250706123911: HistoryMain.php: logtype:橙３ bgcolor:corang
250706123911: HistoryMain.php: logtype:橙３ bgcolor:corang
250706123911: HistoryMain.php: logtype:橙３ bgcolor:corang
250706123911: HistoryMain.php: logtype:橙３ bgcolor:corang
250706123911: HistoryMain.php: logtype:橙３ bgcolor:corang
250706123911: HistoryMain.php: logtype:橙３ bgcolor:corang
250706123911: HistoryMain.php: logtype:橙３ bgcolor:corang
250706123949: HistoryMain.php: param:select * from historylogeee order by type, logtime desc
250706123949: HistoryMain.php: histClassArr:白１:1;黄色２:2;橙３:3;赤４:4;灰色５:5;クラス6:1;クラス7:1;クラス8:1;クラス9:1
250706123949: HistoryMain.php: logtype:白１ bgcolor:cwhite
250706123949: HistoryMain.php: logtype:白１ bgcolor:cwhite
250706123949: HistoryMain.php: logtype:白１ bgcolor:cwhite
250706123949: HistoryMain.php: logtype:白１ bgcolor:cwhite
250706123949: HistoryMain.php: logtype:白１ bgcolor:cwhite
250706123949: HistoryMain.php: logtype:白１ bgcolor:cwhite
250706123949: HistoryMain.php: logtype:白１ bgcolor:cwhite
250706123949: HistoryMain.php: logtype:白１ bgcolor:cwhite
250706123949: HistoryMain.php: logtype:白１ bgcolor:cwhite
250706123949: HistoryMain.php: logtype:黄色２ bgcolor:cyellow
250706123949: HistoryMain.php: logtype:黄色２ bgcolor:cyellow
250706123949: HistoryMain.php: logtype:黄色２ bgcolor:cyellow
250706123949: HistoryMain.php: logtype:黄色２ bgcolor:cyellow
250706123949: HistoryMain.php: logtype:黄色２ bgcolor:cyellow
250706123949: HistoryMain.php: logtype:黄色２ bgcolor:cyellow
250706123949: HistoryMain.php: logtype:黄色２ bgcolor:cyellow
250706123949: HistoryMain.php: logtype:黄色２ bgcolor:cyellow
250706123949: HistoryMain.php: logtype:黄色２ bgcolor:cyellow
250706123949: HistoryMain.php: logtype:橙３ bgcolor:corang
250706123949: HistoryMain.php: logtype:橙３ bgcolor:corang
250706123949: HistoryMain.php: logtype:橙３ bgcolor:corang
250706123949: HistoryMain.php: logtype:橙３ bgcolor:corang
250706123949: HistoryMain.php: logtype:橙３ bgcolor:corang
250706123949: HistoryMain.php: logtype:橙３ bgcolor:corang
250706123949: HistoryMain.php: logtype:橙３ bgcolor:corang
250706123949: HistoryMain.php: logtype:橙３ bgcolor:corang
250706123949: HistoryMain.php: logtype:橙３ bgcolor:corang
250706123949: HistoryMain.php: logtype:赤４ bgcolor:cred
250706123949: HistoryMain.php: logtype:赤４ bgcolor:cred
250706123949: HistoryMain.php: logtype:赤４ bgcolor:cred
250706123949: HistoryMain.php: logtype:赤４ bgcolor:cred
250706123949: HistoryMain.php: logtype:赤４ bgcolor:cred
250706123949: HistoryMain.php: logtype:赤４ bgcolor:cred
250706123949: HistoryMain.php: logtype:赤４ bgcolor:cred
250706123949: HistoryMain.php: logtype:赤４ bgcolor:cred
250706123949: HistoryMain.php: logtype:赤４ bgcolor:cred
250706124028: HistoryMain.php: param:select * from historylogeee order by type, logtime desc
250706124028: HistoryMain.php: histClassArr:白１:1;黄色２:2;橙３:3;赤４:4;灰色５:5;クラス6:1;クラス7:1;クラス8:1;クラス9:1
250706124028: HistoryMain.php: logtype:白１ bgcolor:cwhite
250706124028: HistoryMain.php: logtype:白１ bgcolor:cwhite
250706124028: HistoryMain.php: logtype:白１ bgcolor:cwhite
250706124028: HistoryMain.php: logtype:白１ bgcolor:cwhite
250706124028: HistoryMain.php: logtype:白１ bgcolor:cwhite
250706124028: HistoryMain.php: logtype:白１ bgcolor:cwhite
250706124028: HistoryMain.php: logtype:白１ bgcolor:cwhite
250706124028: HistoryMain.php: logtype:白１ bgcolor:cwhite
250706124028: HistoryMain.php: logtype:白１ bgcolor:cwhite
250706124028: HistoryMain.php: logtype:黄色２ bgcolor:cyellow
250706124028: HistoryMain.php: logtype:黄色２ bgcolor:cyellow
250706124028: HistoryMain.php: logtype:黄色２ bgcolor:cyellow
250706124028: HistoryMain.php: logtype:黄色２ bgcolor:cyellow
250706124028: HistoryMain.php: logtype:黄色２ bgcolor:cyellow
250706124028: HistoryMain.php: logtype:黄色２ bgcolor:cyellow
250706124028: HistoryMain.php: logtype:黄色２ bgcolor:cyellow
250706124028: HistoryMain.php: logtype:黄色２ bgcolor:cyellow
250706124028: HistoryMain.php: logtype:黄色２ bgcolor:cyellow
250706124028: HistoryMain.php: logtype:橙３ bgcolor:corang
250706124028: HistoryMain.php: logtype:橙３ bgcolor:corang
250706124028: HistoryMain.php: logtype:橙３ bgcolor:corang
250706124028: HistoryMain.php: logtype:橙３ bgcolor:corang
250706124028: HistoryMain.php: logtype:橙３ bgcolor:corang
250706124028: HistoryMain.php: logtype:橙３ bgcolor:corang
250706124028: HistoryMain.php: logtype:橙３ bgcolor:corang
250706124028: HistoryMain.php: logtype:橙３ bgcolor:corang
250706124028: HistoryMain.php: logtype:橙３ bgcolor:corang
250706124028: HistoryMain.php: logtype:赤４ bgcolor:cred
250706124028: HistoryMain.php: logtype:赤４ bgcolor:cred
250706124028: HistoryMain.php: logtype:赤４ bgcolor:cred
250706124028: HistoryMain.php: logtype:赤４ bgcolor:cred
250706124028: HistoryMain.php: logtype:赤４ bgcolor:cred
250706124028: HistoryMain.php: logtype:赤４ bgcolor:cred
250706124028: HistoryMain.php: logtype:赤４ bgcolor:cred
250706124028: HistoryMain.php: logtype:赤４ bgcolor:cred
250706124028: HistoryMain.php: logtype:赤４ bgcolor:cred
250706124028: HistoryMain.php: logtype:灰色５ bgcolor:cgray
250706124028: HistoryMain.php: logtype:灰色５ bgcolor:cgray
250706124028: HistoryMain.php: logtype:灰色５ bgcolor:cgray
250706124028: HistoryMain.php: logtype:灰色５ bgcolor:cgray
250706124028: HistoryMain.php: logtype:灰色５ bgcolor:cgray
250706124028: HistoryMain.php: logtype:灰色５ bgcolor:cgray
250706124028: HistoryMain.php: logtype:灰色５ bgcolor:cgray
250706124028: HistoryMain.php: logtype:灰色５ bgcolor:cgray
250706124028: HistoryMain.php: logtype:灰色５ bgcolor:cgray
250706124055: HistoryMain.php: histClassArr:白１:1;黄色２:2;橙３:3;赤４:4;灰色５:5;クラス6:1;クラス7:1;クラス8:1;クラス9:1
250706124055: HistoryMain.php: logtype:橙３ bgcolor:corang
250706124055: HistoryMain.php: logtype:橙３ bgcolor:corang
250706124055: HistoryMain.php: logtype:橙３ bgcolor:corang
250706124055: HistoryMain.php: logtype:橙３ bgcolor:corang
250706124055: HistoryMain.php: logtype:橙３ bgcolor:corang
250706124055: HistoryMain.php: logtype:橙３ bgcolor:corang
250706124055: HistoryMain.php: logtype:橙３ bgcolor:corang
250706124055: HistoryMain.php: logtype:橙３ bgcolor:corang
250706124055: HistoryMain.php: logtype:橙３ bgcolor:corang
250706140907: HistoryMain.php: histClassArr:白１:1;黄色２:2;橙３:3;赤４:4;灰色５:5;クラス6:1;クラス7:1;クラス8:1;クラス9:1
250706140907: HistoryMain.php: logtype:橙３ bgcolor:corang
250706140907: HistoryMain.php: logtype:橙３ bgcolor:corang
250706140907: HistoryMain.php: logtype:橙３ bgcolor:corang
250706140907: HistoryMain.php: logtype:橙３ bgcolor:corang
250706140907: HistoryMain.php: logtype:橙３ bgcolor:corang
250706140907: HistoryMain.php: logtype:橙３ bgcolor:corang
250706140907: HistoryMain.php: logtype:橙３ bgcolor:corang
250706140907: HistoryMain.php: logtype:橙３ bgcolor:corang
250706140907: HistoryMain.php: logtype:橙３ bgcolor:corang
250706140927: HistoryMain.php: histClassArr:白１:1;黄色２:2;橙３:3;赤４:4;灰色５:5;クラス6:1;クラス7:1;クラス8:1;クラス9:1
250706140927: HistoryMain.php: logtype:橙３ bgcolor:corang
250706140927: HistoryMain.php: logtype:橙３ bgcolor:corang
250706140927: HistoryMain.php: logtype:橙３ bgcolor:corang
250706140927: HistoryMain.php: logtype:橙３ bgcolor:corang
250706140927: HistoryMain.php: logtype:橙３ bgcolor:corang
250706140927: HistoryMain.php: logtype:橙３ bgcolor:corang
250706140927: HistoryMain.php: logtype:橙３ bgcolor:corang
250706140927: HistoryMain.php: logtype:橙３ bgcolor:corang
250706140927: HistoryMain.php: logtype:橙３ bgcolor:corang
250706140929: HistoryMain.php: histClassArr:白１:1;黄色２:2;橙３:3;赤４:4;灰色５:5;クラス6:1;クラス7:1;クラス8:1;クラス9:1
250706140929: HistoryMain.php: logtype:橙３ bgcolor:corang
250706140929: HistoryMain.php: logtype:橙３ bgcolor:corang
250706140929: HistoryMain.php: logtype:橙３ bgcolor:corang
250706140929: HistoryMain.php: logtype:橙３ bgcolor:corang
250706140929: HistoryMain.php: logtype:橙３ bgcolor:corang
250706140929: HistoryMain.php: logtype:橙３ bgcolor:corang
250706140929: HistoryMain.php: logtype:橙３ bgcolor:corang
250706140929: HistoryMain.php: logtype:橙３ bgcolor:corang
250706140929: HistoryMain.php: logtype:橙３ bgcolor:corang
250706141004: HistoryMain.php: histClassArr:白１:1;黄色２:2;橙３:3;赤４:4;灰色５:5;クラス6:1;クラス7:1;クラス8:1;クラス9:1
250706141004: HistoryMain.php: logtype:橙３ bgcolor:corang
250706141004: HistoryMain.php: logtype:橙３ bgcolor:corang
250706141004: HistoryMain.php: logtype:橙３ bgcolor:corang
250706141004: HistoryMain.php: logtype:橙３ bgcolor:corang
250706141004: HistoryMain.php: logtype:橙３ bgcolor:corang
250706141004: HistoryMain.php: logtype:橙３ bgcolor:corang
250706141004: HistoryMain.php: logtype:橙３ bgcolor:corang
250706141004: HistoryMain.php: logtype:橙３ bgcolor:corang
250706141004: HistoryMain.php: logtype:橙３ bgcolor:corang
250706141050: HistoryMain.php: histClassArr:白１:1;黄色２:2;橙３:3;赤４:4;灰色５:5;クラス6:1;クラス7:1;クラス8:1;クラス9:1
250706141050: HistoryMain.php: logtype:橙３ bgcolor:corang
250706141050: HistoryMain.php: logtype:橙３ bgcolor:corang
250706141050: HistoryMain.php: logtype:橙３ bgcolor:corang
250706141050: HistoryMain.php: logtype:橙３ bgcolor:corang
250706141050: HistoryMain.php: logtype:橙３ bgcolor:corang
250706141050: HistoryMain.php: logtype:橙３ bgcolor:corang
250706141050: HistoryMain.php: logtype:橙３ bgcolor:corang
250706141050: HistoryMain.php: logtype:橙３ bgcolor:corang
250706141050: HistoryMain.php: logtype:橙３ bgcolor:corang
250706141135: HistoryMain.php: histClassArr:白１:1;黄色２:2;橙３:3;赤４:4;灰色５:5;クラス6:1;クラス7:1;クラス8:1;クラス9:1
250706141135: HistoryMain.php: logtype:橙３ bgcolor:corang
250706141135: HistoryMain.php: logtype:橙３ bgcolor:corang
250706141135: HistoryMain.php: logtype:橙３ bgcolor:corang
250706141135: HistoryMain.php: logtype:橙３ bgcolor:corang
250706141135: HistoryMain.php: logtype:橙３ bgcolor:corang
250706141135: HistoryMain.php: logtype:橙３ bgcolor:corang
250706141135: HistoryMain.php: logtype:橙３ bgcolor:corang
250706141135: HistoryMain.php: logtype:橙３ bgcolor:corang
250706141135: HistoryMain.php: logtype:橙３ bgcolor:corang
250706141320: HistoryMain.php: histClassArr:白１:1;黄色２:2;橙３:3;赤４:4;灰色５:5;クラス6:1;クラス7:1;クラス8:1;クラス9:1
250706141320: HistoryMain.php: logtype:橙３ bgcolor:corang
250706141320: HistoryMain.php: logtype:橙３ bgcolor:corang
250706141320: HistoryMain.php: logtype:橙３ bgcolor:corang
250706141320: HistoryMain.php: logtype:橙３ bgcolor:corang
250706141320: HistoryMain.php: logtype:橙３ bgcolor:corang
250706141320: HistoryMain.php: logtype:橙３ bgcolor:corang
250706141320: HistoryMain.php: logtype:橙３ bgcolor:corang
250706141320: HistoryMain.php: logtype:橙３ bgcolor:corang
250706141320: HistoryMain.php: logtype:橙３ bgcolor:corang
250706141414: HistoryMain.php: histClassArr:白１:1;黄色２:2;橙３:3;赤４:4;灰色５:5;クラス6:1;クラス7:1;クラス8:1;クラス9:1
250706141414: HistoryMain.php: logtype:橙３ bgcolor:corang
250706141414: HistoryMain.php: logtype:橙３ bgcolor:corang
250706141414: HistoryMain.php: logtype:橙３ bgcolor:corang
250706141414: HistoryMain.php: logtype:橙３ bgcolor:corang
250706141414: HistoryMain.php: logtype:橙３ bgcolor:corang
250706141414: HistoryMain.php: logtype:橙３ bgcolor:corang
250706141414: HistoryMain.php: logtype:橙３ bgcolor:corang
250706141414: HistoryMain.php: logtype:橙３ bgcolor:corang
250706141414: HistoryMain.php: logtype:橙３ bgcolor:corang
250706141617: HistoryMain.php: histClassArr:白１:1;黄色２:2;橙３:3;赤４:4;灰色５:5;クラス6:1;クラス7:1;クラス8:1;クラス9:1
250706141617: HistoryMain.php: logtype:橙３ bgcolor:corang
250706141617: HistoryMain.php: logtype:橙３ bgcolor:corang
250706141617: HistoryMain.php: logtype:橙３ bgcolor:corang
250706141617: HistoryMain.php: logtype:橙３ bgcolor:corang
250706141617: HistoryMain.php: logtype:橙３ bgcolor:corang
250706141617: HistoryMain.php: logtype:橙３ bgcolor:corang
250706141617: HistoryMain.php: logtype:橙３ bgcolor:corang
250706141617: HistoryMain.php: logtype:橙３ bgcolor:corang
250706141617: HistoryMain.php: logtype:橙３ bgcolor:corang
250706142516: HistoryMain.php: histClassArr:白１:1;黄色２:2;橙３:3;赤４:4;灰色５:5;クラス6:1;クラス7:1;クラス8:1;クラス9:1
250706142516: HistoryMain.php: logtype:橙３ bgcolor:corang
250706142516: HistoryMain.php: logtype:橙３ bgcolor:corang
250706142516: HistoryMain.php: logtype:橙３ bgcolor:corang
250706142516: HistoryMain.php: logtype:橙３ bgcolor:corang
250706142516: HistoryMain.php: logtype:橙３ bgcolor:corang
250706142516: HistoryMain.php: logtype:橙３ bgcolor:corang
250706142516: HistoryMain.php: logtype:橙３ bgcolor:corang
250706142516: HistoryMain.php: logtype:橙３ bgcolor:corang
250706142516: HistoryMain.php: logtype:橙３ bgcolor:corang
250706142518: HistoryView.php: <option value=strval(0+1) >橙３</option>
250706142518: HistoryView.php: <option value=strval(1+1) >橙３</option>
250706142518: HistoryView.php: <option value=strval(2+1) selected>橙３</option>
250706142518: HistoryView.php: <option value=strval(3+1) >橙３</option>
250706142518: HistoryView.php: <option value=strval(4+1) >橙３</option>
250706142518: HistoryView.php: <option value=strval(5+1) >橙３</option>
250706142518: HistoryView.php: <option value=strval(6+1) >橙３</option>
250706142518: HistoryView.php: <option value=strval(7+1) >橙３</option>
250706142518: HistoryView.php: <option value=strval(8+1) >橙３</option>
250706143653: HistoryMain.php: histClassArr:白１:1;黄色２:2;橙３:3;赤４:4;灰色５:5;クラス6:1;クラス7:1;クラス8:1;クラス9:1
250706143653: HistoryMain.php: logtype:橙３ bgcolor:corang
250706143653: HistoryMain.php: logtype:橙３ bgcolor:corang
250706143653: HistoryMain.php: logtype:橙３ bgcolor:corang
250706143653: HistoryMain.php: logtype:橙３ bgcolor:corang
250706143653: HistoryMain.php: logtype:橙３ bgcolor:corang
250706143653: HistoryMain.php: logtype:橙３ bgcolor:corang
250706143653: HistoryMain.php: logtype:橙３ bgcolor:corang
250706143653: HistoryMain.php: logtype:橙３ bgcolor:corang
250706143653: HistoryMain.php: logtype:橙３ bgcolor:corang
250706143655: HistoryView.php: <option value=1 >橙３</option>
250706143655: HistoryView.php: <option value=2 >橙３</option>
250706143655: HistoryView.php: <option value=3 selected>橙３</option>
250706143655: HistoryView.php: <option value=4 >橙３</option>
250706143655: HistoryView.php: <option value=5 >橙３</option>
250706143655: HistoryView.php: <option value=6 >橙３</option>
250706143655: HistoryView.php: <option value=7 >橙３</option>
250706143655: HistoryView.php: <option value=8 >橙３</option>
250706143655: HistoryView.php: <option value=9 >橙３</option>
250706145029: HistoryMain.php: histClassArr:白１:1;黄色２:2;橙３:3;赤４:4;灰色５:5;クラス6:1;クラス7:1;クラス8:1;クラス9:1
250706145029: HistoryMain.php: logtype:橙３ bgcolor:corang
250706145029: HistoryMain.php: logtype:橙３ bgcolor:corang
250706145029: HistoryMain.php: logtype:橙３ bgcolor:corang
250706145029: HistoryMain.php: logtype:橙３ bgcolor:corang
250706145029: HistoryMain.php: logtype:橙３ bgcolor:corang
250706145029: HistoryMain.php: logtype:橙３ bgcolor:corang
250706145029: HistoryMain.php: logtype:橙３ bgcolor:corang
250706145029: HistoryMain.php: logtype:橙３ bgcolor:corang
250706145029: HistoryMain.php: logtype:橙３ bgcolor:corang
250706145031: HistoryView.php: <option value=1 >白１</option>
250706145031: HistoryView.php: <option value=2 >黄色２</option>
250706145031: HistoryView.php: <option value=3 selected>橙３</option>
250706145031: HistoryView.php: <option value=4 >赤４</option>
250706145031: HistoryView.php: <option value=5 >灰色５</option>
250706145031: HistoryView.php: <option value=6 >クラス6</option>
250706145031: HistoryView.php: <option value=7 >クラス7</option>
250706145031: HistoryView.php: <option value=8 >クラス8</option>
250706145031: HistoryView.php: <option value=9 >クラス9</option>
250706145228: HistoryMain.php: histClassArr:白１:1;黄色２:2;橙３:3;赤４:4;灰色５:5;クラス6:1;クラス7:1;クラス8:1;クラス9:1
250706145228: HistoryMain.php: logtype:橙３ bgcolor:corang
250706145228: HistoryMain.php: logtype:橙３ bgcolor:corang
250706145228: HistoryMain.php: logtype:橙３ bgcolor:corang
250706145228: HistoryMain.php: logtype:橙３ bgcolor:corang
250706145228: HistoryMain.php: logtype:橙３ bgcolor:corang
250706145228: HistoryMain.php: logtype:橙３ bgcolor:corang
250706145228: HistoryMain.php: logtype:橙３ bgcolor:corang
250706145228: HistoryMain.php: logtype:橙３ bgcolor:corang
250706145228: HistoryMain.php: logtype:橙３ bgcolor:corang
250706160515: HistoryMain.php: param:select * from historylogeee order by type, logtime desc
250706195843: HistoryMain.php: <td class=dsptd><input class=1 type=submit name=白１ value=白１></td>
250706195843: HistoryMain.php: <td class=dsptd><input class=2 type=submit name=黄色２ value=黄色２></td>
250706195843: HistoryMain.php: <td class=dsptd><input class=3 type=submit name=橙３ value=橙３></td>
250706195843: HistoryMain.php: <td class=dsptd><input class=4 type=submit name=赤４ value=赤４></td>
250706195843: HistoryMain.php: <td class=dsptd><input class=5 type=submit name=灰色５ value=灰色５></td>
250706195843: HistoryMain.php: <td class=dsptd><input class=1 type=submit name=クラス6 value=クラス6></td>
250706195843: HistoryMain.php: <td class=dsptd><input class=1 type=submit name=クラス7 value=クラス7></td>
250706195843: HistoryMain.php: <td class=dsptd><input class=1 type=submit name=クラス8 value=クラス8></td>
250706195843: HistoryMain.php: <td class=dsptd><input class=1 type=submit name=クラス9 value=クラス9></td>
250706195852: HistoryMain.php: <td class=dsptd><input class=1 type=submit name=白１ value=白１></td>
250706195852: HistoryMain.php: <td class=dsptd><input class=2 type=submit name=黄色２ value=黄色２></td>
250706195852: HistoryMain.php: <td class=dsptd><input class=3 type=submit name=橙３ value=橙３></td>
250706195852: HistoryMain.php: <td class=dsptd><input class=4 type=submit name=赤４ value=赤４></td>
250706195852: HistoryMain.php: <td class=dsptd><input class=5 type=submit name=灰色５ value=灰色５></td>
250706195852: HistoryMain.php: <td class=dsptd><input class=1 type=submit name=クラス6 value=クラス6></td>
250706195852: HistoryMain.php: <td class=dsptd><input class=1 type=submit name=クラス7 value=クラス7></td>
250706195852: HistoryMain.php: <td class=dsptd><input class=1 type=submit name=クラス8 value=クラス8></td>
250706195852: HistoryMain.php: <td class=dsptd><input class=1 type=submit name=クラス9 value=クラス9></td>
250706200240: HistoryMain.php: <td class=dsptd><input class=cwhite type=submit name=白１ value=白１></td>
250706200240: HistoryMain.php: <td class=dsptd><input class=cyellow type=submit name=黄色２ value=黄色２></td>
250706200240: HistoryMain.php: <td class=dsptd><input class=corang type=submit name=橙３ value=橙３></td>
250706200240: HistoryMain.php: <td class=dsptd><input class=cred type=submit name=赤４ value=赤４></td>
250706200240: HistoryMain.php: <td class=dsptd><input class=cgray type=submit name=灰色５ value=灰色５></td>
250706200240: HistoryMain.php: <td class=dsptd><input class=cwhite type=submit name=クラス6 value=クラス6></td>
250706200240: HistoryMain.php: <td class=dsptd><input class=cwhite type=submit name=クラス7 value=クラス7></td>
250706200240: HistoryMain.php: <td class=dsptd><input class=cwhite type=submit name=クラス8 value=クラス8></td>
250706200240: HistoryMain.php: <td class=dsptd><input class=cwhite type=submit name=クラス9 value=クラス9></td>
