250701164157: HistoryEditPage.php: first pass
250701164157: mysqlkanshi.php: Exception:select user,password,type from histtboshima
250701164200: HistoryEditPage.php: first pass
250701164200: mysqlkanshi.php: Exception:select user,password,type from histtboshima
250701164310: HistoryEditPage.php: first pass
250701164310: mysqlkanshi.php: Exception:select user,password,type from histtboshima
250701164434: HistoryEditPage.php: first pass
250701164434: mysqlkanshi.php: Exception:select user,password,type from histtboshima
250701164434: HistoryEditPage.php: find
250701164438: HistoryEditPage.php: first pass
250701164438: mysqlkanshi.php: Exception:select user,password,type from histtboshima
250701164438: HistoryEditPage.php: find
250701164545: HistoryEditPage.php: first pass
250701164545: mysqlkanshi.php: Exception:select user,password,type from histtboshima
250701164545: HistoryEditPage.php: find
250701164545: HistoryEditPage.php: first pass
250701164552: HistoryEditPage.php: first pass
250701164552: mysqlkanshi.php: Exception:select user,password,type from histtboshima
250701164552: HistoryEditPage.php: find
250701164552: HistoryEditPage.php: first pass
250701165058: HistoryEditPage.php: first pass
250701165058: HistoryEditPage.php: param
250701165103: HistoryEditPage.php: first pass
250701165103: mysqlkanshi.php: Exception:select user,password,type from histtboshima
250701165103: HistoryEditPage.php: find
250701165103: HistoryEditPage.php: first pass
250701165103: HistoryEditPage.php: param
250701165725: HistoryEditPage.php: first pass
250701165725: HistoryEditPage.php: param
250701165731: HistoryEditPage.php: first pass
250701165731: mysqlkanshi.php: Exception:select user,password,type from histtboshima
250701165731: HistoryEditPage.php: #notice#oshima#amihsho
250701165731: HistoryEditPage.php: first pass
250701165731: HistoryEditPage.php: param
250701165904: HistoryEditPage.php: first pass
250701165904: HistoryEditPage.php: param
250701165909: HistoryEditPage.php: first pass
250701165909: mysqlkanshi.php: Exception:select user,password,type from histtboshima
250701165909: HistoryEditPage.php: find:#notice#oshima#amihsho
250701165909: HistoryEditPage.php: first pass
250701165909: HistoryEditPage.php: param
250701170249: HistoryEditPage.php: first pass
250701170249: HistoryEditPage.php: param:#notic#oshima#brmsg:amihshobrcode:notice
250701170254: HistoryEditPage.php: first pass
250701170254: mysqlkanshi.php: Exception:select user,password,type from histtboshima
250701170254: HistoryEditPage.php: find:#notice#oshima#amihsho
250701170254: HistoryEditPage.php: first pass
250701170254: HistoryEditPage.php: param:#notic#oshima#brmsg:amihshobrcode:notice
250701170456: HistoryEditPage.php: first pass
250701170456: HistoryEditPage.php: param:#notic#oshima#brmsg:amihshobrcode:notice
250701170456: HistoryEditPage.php: second pass
250701170503: HistoryEditPage.php: first pass
250701170503: mysqlkanshi.php: Exception:select user,password,type from histtboshima
250701170503: HistoryEditPage.php: find:#notice#oshima#amihsho
250701170503: HistoryEditPage.php: second pass
250701170503: HistoryEditPage.php: first pass
250701170503: HistoryEditPage.php: param:#notic#oshima#brmsg:amihshobrcode:notice
250701170503: HistoryEditPage.php: second pass
250701170816: HistoryEditPage.php: first pass
250701170816: HistoryEditPage.php: param:#notic#oshima#brmsg:amihshobrcode:notice
250701170816: HistoryEditPage.php: second pass
250701170821: HistoryEditPage.php: first pass
250701170821: mysqlkanshi.php: Exception:select user,password,type from histtboshima
250701170821: HistoryEditPage.php: find:#notic#oshima#amihsho
250701170821: HistoryEditPage.php: second pass
250701170822: HistoryEditPage.php: first pass
250701170822: HistoryEditPage.php: param:#notic#oshima#brmsg:amihshobrcode:notic
250701170822: HistoryEditPage.php: second pass
250701171056: HistoryEditPage.php: first pass
250701171056: HistoryEditPage.php: param:#notic#oshima#brmsg:amihshobrcode:notic
250701171056: HistoryEditPage.php: second pass
250701171101: HistoryEditPage.php: first pass
250701171101: mysqlkanshi.php: Exception:select user,password,type from histtboshima
250701171101: HistoryEditPage.php: find:#notic#oshima#amihsho
250701171101: HistoryEditPage.php: second pass
250701171101: HistoryEditPage.php: first pass
250701171101: HistoryEditPage.php: param:#notic#oshima#brmsg:検索が終わりましたbrcode:notic
250701171101: HistoryEditPage.php: second pass
250701171724: HistoryEditPage.php: first pass
250701171724: HistoryEditPage.php: param:#notic#oshima#brmsg:検索が終わりましたbrcode:notic
250701171724: HistoryEditPage.php: second pass
250701171730: HistoryEditPage.php: first pass
250701171730: HistoryEditPage.php: find:#notic#oshima#amihsho
250701171730: HistoryEditPage.php: second pass
250701171730: HistoryEditPage.php: first pass
250701171730: HistoryEditPage.php: param:#notic#oshima#brmsg:検索が終わりました、設定値の変更が出来ますbrcode:notic
250701171730: HistoryEditPage.php: second pass
250701172007: HistoryEditPage.php: first pass
250701172007: HistoryEditPage.php: param:#notic#oshima#検索が終わりました、設定値の変更が出来ます
250701172007: HistoryEditPage.php: second pass
250701172012: HistoryEditPage.php: first pass
250701172012: HistoryEditPage.php: find:#notic#oshima#amihsho
250701172012: HistoryEditPage.php: second pass
250701172012: HistoryEditPage.php: first pass
250701172012: HistoryEditPage.php: param:#notic#oshima#検索が終わりました、設定値の変更が出来ます
250701172012: HistoryEditPage.php: second pass
250701173639: HistoryEditPage.php: first pass
250701173639: HistoryEditPage.php: find:#notic#oshima#amihsho
250701173639: HistoryEditPage.php: second pass
250701173639: HistoryEditPage.php: first pass
250701173639: HistoryEditPage.php: param:#notic#oshima#検索が終わりました、設定値の変更が出来ます
250701173639: HistoryEditPage.php: second pass
250701173650: HistoryEditPage.php: first pass
250701173650: HistoryEditPage.php: find:#notic#oshima#amihsho
250701173650: HistoryEditPage.php: second pass
250701173650: HistoryEditPage.php: first pass
250701173650: HistoryEditPage.php: param:#notic#oshima#検索が終わりました、設定値の変更が出来ます
250701173650: HistoryEditPage.php: second pass
250701174551: HistoryEditPage.php: first_pass
250701174551: HistoryEditPage.php: oshima
250701174551: HistoryEditPage.php: second pass
250701174551: HistoryEditPage.php: first_pass
250701174551: HistoryEditPage.php: param:#notic#oshima#検索が終わりました、設定値の変更が出来ます
250701174551: HistoryEditPage.php: second pass
250701174601: HistoryEditPage.php: first_pass
250701174601: HistoryEditPage.php: oshima
250701174601: HistoryEditPage.php: second pass
250701174601: HistoryEditPage.php: first_pass
250701174601: HistoryEditPage.php: param:#notic#oshima#検索が終わりました、設定値の変更が出来ます
250701174601: HistoryEditPage.php: second pass
250701174735: HistoryEditPage.php: first_pass
250701174735: HistoryEditPage.php: param:#notic#oshima#検索が終わりました、設定値の変更が出来ます
250701174735: HistoryEditPage.php: second pass
250701174740: HistoryEditPage.php: first_pass
250701174740: HistoryEditPage.php: oshima
250701174740: HistoryEditPage.php: amihsho
250701174740: HistoryEditPage.php: クラス1;クラス2;クラス3;クラス4;クラス5;クラス6;クラス7;クラス8;クラス9
250701174740: HistoryEditPage.php: second pass
250701174740: HistoryEditPage.php: first_pass
250701174740: HistoryEditPage.php: param:#notic#oshima#検索が終わりました、設定値の変更が出来ます
250701174740: HistoryEditPage.php: second pass
250701203827: HistoryEditPage.php: first_pass
250701203827: HistoryEditPage.php: param:#notic#oshima#検索が終わりました、設定値の変更が出来ます
250701203827: HistoryEditPage.php: second pass
250701203838: HistoryEditPage.php: first_pass
250701203838: HistoryEditPage.php: oshima
250701203838: HistoryEditPage.php: amihsho
250701203838: HistoryEditPage.php: クラス1;クラス2;クラス3;クラス4;クラス5;クラス6;クラス7;クラス8;クラス9
250701203838: HistoryEditPage.php: second pass
250701203838: HistoryEditPage.php: first_pass
250701203838: HistoryEditPage.php: param:#notic#oshima#
250701203838: HistoryEditPage.php: second pass
250701203851: HistoryEditPage.php: first_pass
250701203851: HistoryEditPage.php: param:#notic#oshima#
250701203851: HistoryEditPage.php: second pass
250701203905: HistoryEditPage.php: first_pass
250701203905: HistoryEditPage.php: oshima
250701203905: HistoryEditPage.php: amihsho1306
250701203905: HistoryEditPage.php: クラス1;クラス2;クラス3;クラス4;クラス5;クラス6;クラス7;クラス8;クラス9
250701203905: HistoryEditPage.php: second pass
250701204215: HistoryEditPage.php: first_pass
250701204215: HistoryEditPage.php: oshima
250701204215: HistoryEditPage.php: amihsho1306
250701204215: HistoryEditPage.php: クラス1;クラス2;クラス3;クラス4;クラス5;クラス6;クラス7;クラス8;クラス9
250701204215: HistoryEditPage.php: second pass
250701204226: HistoryEditPage.php: first_pass
250701204226: HistoryEditPage.php: oshima
250701204226: HistoryEditPage.php: amihsho
250701204226: HistoryEditPage.php: クラス1;クラス2;クラス3;クラス4;クラス5;クラス6;クラス7;クラス8;クラス9
250701204226: HistoryEditPage.php: second pass
250701204226: HistoryEditPage.php: first_pass
250701204226: HistoryEditPage.php: param:#notic#oshima#
250701204226: HistoryEditPage.php: second pass
