260129055701: MrtgAutoRun.php: call d:\xampp\ubin/plotgraph.exe d:\xampp 0
260129055740: MrtgAutoRun.php: call d:\xampp\ubin/plotgraph.exe d:\xampp 0
260129055821: MrtgAutoRun.php: call d:\xampp\ubin/plotgraph.exe d:\xampp 0
260129055857: MrtgAutoRun.php: call d:\xampp\ubin/plotgraph.exe d:\xampp 0
260129055934: MrtgAutoRun.php: call d:\xampp\ubin/plotgraph.exe d:\xampp 0
260129060012: MrtgAutoRun.php: call d:\xampp\ubin/plotgraph.exe d:\xampp 0
260129060050: MrtgAutoRun.php: call d:\xampp\ubin/plotgraph.exe d:\xampp 0
260129060127: MrtgAutoRun.php: call d:\xampp\ubin/plotgraph.exe d:\xampp 0
260129060209: MrtgAutoRun.php: call d:\xampp\ubin/plotgraph.exe d:\xampp 0
260129060248: MrtgAutoRun.php: call d:\xampp\ubin/plotgraph.exe d:\xampp 0
260129060327: MrtgAutoRun.php: call d:\xampp\ubin/plotgraph.exe d:\xampp 0
260129114155: MrtgAutoRun.php: call d:\xampp\ubin/plotgraph.exe d:\xampp 0
260129114233: MrtgAutoRun.php: call d:\xampp\ubin/plotgraph.exe d:\xampp 0
260129114236: MonitorCoreAuto.php: レイアウトにあるホストwww.mm-p.co.jpがホストテーブルにありません
260129114311: MrtgAutoRun.php: call d:\xampp\ubin/plotgraph.exe d:\xampp 0
260129114314: MonitorCoreAuto.php: レイアウトにあるホストwww.mm-p.co.jpがホストテーブルにありません
260129114347: MrtgAutoRun.php: call d:\xampp\ubin/plotgraph.exe d:\xampp 0
260129114351: MonitorCoreAuto.php: レイアウトにあるホストwww.mm-p.co.jpがホストテーブルにありません
260129114421: MrtgAutoRun.php: call d:\xampp\ubin/plotgraph.exe d:\xampp 0
260129114457: MrtgAutoRun.php: call d:\xampp\ubin/plotgraph.exe d:\xampp 0
260129114537: MrtgAutoRun.php: call d:\xampp\ubin/plotgraph.exe d:\xampp 0
260129114614: MrtgAutoRun.php: call d:\xampp\ubin/plotgraph.exe d:\xampp 0
260129114647: MrtgAutoRun.php: call d:\xampp\ubin/plotgraph.exe d:\xampp 0
260129114723: MrtgAutoRun.php: call d:\xampp\ubin/plotgraph.exe d:\xampp 0
260129114801: MrtgAutoRun.php: call d:\xampp\ubin/plotgraph.exe d:\xampp 0
260129114833: MrtgAutoRun.php: call d:\xampp\ubin/plotgraph.exe d:\xampp 0
260129114909: MrtgAutoRun.php: call d:\xampp\ubin/plotgraph.exe d:\xampp 0
260129114952: MrtgAutoRun.php: call d:\xampp\ubin/plotgraph.exe d:\xampp 0
260129115025: MrtgAutoRun.php: call d:\xampp\ubin/plotgraph.exe d:\xampp 0
260129115059: MrtgAutoRun.php: call d:\xampp\ubin/plotgraph.exe d:\xampp 0
260129115131: MrtgAutoRun.php: call d:\xampp\ubin/plotgraph.exe d:\xampp 0
260129115204: MrtgAutoRun.php: call d:\xampp\ubin/plotgraph.exe d:\xampp 0
260129115238: MrtgAutoRun.php: call d:\xampp\ubin/plotgraph.exe d:\xampp 0
260129115310: MrtgAutoRun.php: call d:\xampp\ubin/plotgraph.exe d:\xampp 0
260129115344: MrtgAutoRun.php: call d:\xampp\ubin/plotgraph.exe d:\xampp 0
260129115417: MrtgAutoRun.php: call d:\xampp\ubin/plotgraph.exe d:\xampp 0
260129115451: MrtgAutoRun.php: call d:\xampp\ubin/plotgraph.exe d:\xampp 0
260129115524: MrtgAutoRun.php: call d:\xampp\ubin/plotgraph.exe d:\xampp 0
260129115558: MrtgAutoRun.php: call d:\xampp\ubin/plotgraph.exe d:\xampp 0
260129115631: MrtgAutoRun.php: call d:\xampp\ubin/plotgraph.exe d:\xampp 0
260129115706: MrtgAutoRun.php: call d:\xampp\ubin/plotgraph.exe d:\xampp 0
260129115740: MrtgAutoRun.php: call d:\xampp\ubin/plotgraph.exe d:\xampp 0
260129115814: MrtgAutoRun.php: call d:\xampp\ubin/plotgraph.exe d:\xampp 0
260129115848: MrtgAutoRun.php: call d:\xampp\ubin/plotgraph.exe d:\xampp 0
260129115922: MrtgAutoRun.php: call d:\xampp\ubin/plotgraph.exe d:\xampp 0
260129115956: MrtgAutoRun.php: call d:\xampp\ubin/plotgraph.exe d:\xampp 0
260129120030: MrtgAutoRun.php: call d:\xampp\ubin/plotgraph.exe d:\xampp 0
260129120103: MrtgAutoRun.php: call d:\xampp\ubin/plotgraph.exe d:\xampp 0
260129120137: MrtgAutoRun.php: call d:\xampp\ubin/plotgraph.exe d:\xampp 0
260129120212: MrtgAutoRun.php: call d:\xampp\ubin/plotgraph.exe d:\xampp 0
260129120246: MrtgAutoRun.php: call d:\xampp\ubin/plotgraph.exe d:\xampp 0
260129120319: MrtgAutoRun.php: call d:\xampp\ubin/plotgraph.exe d:\xampp 0
260129120353: MrtgAutoRun.php: call d:\xampp\ubin/plotgraph.exe d:\xampp 0
260129120428: MrtgAutoRun.php: call d:\xampp\ubin/plotgraph.exe d:\xampp 0
260129120502: MrtgAutoRun.php: call d:\xampp\ubin/plotgraph.exe d:\xampp 0
260129120535: MrtgAutoRun.php: call d:\xampp\ubin/plotgraph.exe d:\xampp 0
260129120609: MrtgAutoRun.php: call d:\xampp\ubin/plotgraph.exe d:\xampp 0
260129120642: MrtgAutoRun.php: call d:\xampp\ubin/plotgraph.exe d:\xampp 0
260129120716: MrtgAutoRun.php: call d:\xampp\ubin/plotgraph.exe d:\xampp 0
260129120751: MrtgAutoRun.php: call d:\xampp\ubin/plotgraph.exe d:\xampp 0
260129120825: MrtgAutoRun.php: call d:\xampp\ubin/plotgraph.exe d:\xampp 0
260129120904: MrtgAutoRun.php: call d:\xampp\ubin/plotgraph.exe d:\xampp 0
260129120939: MrtgAutoRun.php: call d:\xampp\ubin/plotgraph.exe d:\xampp 0
260129121013: MrtgAutoRun.php: call d:\xampp\ubin/plotgraph.exe d:\xampp 0
260129121047: MrtgAutoRun.php: call d:\xampp\ubin/plotgraph.exe d:\xampp 0
260129121120: MrtgAutoRun.php: call d:\xampp\ubin/plotgraph.exe d:\xampp 0
260129121153: MrtgAutoRun.php: call d:\xampp\ubin/plotgraph.exe d:\xampp 0
260129121226: MrtgAutoRun.php: call d:\xampp\ubin/plotgraph.exe d:\xampp 0
260129121258: MrtgAutoRun.php: call d:\xampp\ubin/plotgraph.exe d:\xampp 0
260129121330: MrtgAutoRun.php: call d:\xampp\ubin/plotgraph.exe d:\xampp 0
260129121402: MrtgAutoRun.php: call d:\xampp\ubin/plotgraph.exe d:\xampp 0
260129121435: MrtgAutoRun.php: call d:\xampp\ubin/plotgraph.exe d:\xampp 0
260129121507: MrtgAutoRun.php: call d:\xampp\ubin/plotgraph.exe d:\xampp 0
260129121540: MrtgAutoRun.php: call d:\xampp\ubin/plotgraph.exe d:\xampp 0
260129121613: MrtgAutoRun.php: call d:\xampp\ubin/plotgraph.exe d:\xampp 0
260129121645: MrtgAutoRun.php: call d:\xampp\ubin/plotgraph.exe d:\xampp 0
260129121719: MrtgAutoRun.php: call d:\xampp\ubin/plotgraph.exe d:\xampp 0
260129121751: MrtgAutoRun.php: call d:\xampp\ubin/plotgraph.exe d:\xampp 0
260129121824: MrtgAutoRun.php: call d:\xampp\ubin/plotgraph.exe d:\xampp 0
260129121856: MrtgAutoRun.php: call d:\xampp\ubin/plotgraph.exe d:\xampp 0
260129121929: MrtgAutoRun.php: call d:\xampp\ubin/plotgraph.exe d:\xampp 0
260129122001: MrtgAutoRun.php: call d:\xampp\ubin/plotgraph.exe d:\xampp 0
260129122033: MrtgAutoRun.php: call d:\xampp\ubin/plotgraph.exe d:\xampp 0
260129122106: MrtgAutoRun.php: call d:\xampp\ubin/plotgraph.exe d:\xampp 0
260129122138: MrtgAutoRun.php: call d:\xampp\ubin/plotgraph.exe d:\xampp 0
260129122209: MrtgAutoRun.php: call d:\xampp\ubin/plotgraph.exe d:\xampp 0
260129122241: MrtgAutoRun.php: call d:\xampp\ubin/plotgraph.exe d:\xampp 0
260129122313: MrtgAutoRun.php: call d:\xampp\ubin/plotgraph.exe d:\xampp 0
260129122345: MrtgAutoRun.php: call d:\xampp\ubin/plotgraph.exe d:\xampp 0
260129122417: MrtgAutoRun.php: call d:\xampp\ubin/plotgraph.exe d:\xampp 0
260129122449: MrtgAutoRun.php: call d:\xampp\ubin/plotgraph.exe d:\xampp 0
260129122522: MrtgAutoRun.php: call d:\xampp\ubin/plotgraph.exe d:\xampp 0
260129122558: MrtgAutoRun.php: call d:\xampp\ubin/plotgraph.exe d:\xampp 0
260129122631: MrtgAutoRun.php: call d:\xampp\ubin/plotgraph.exe d:\xampp 0
260129122704: MrtgAutoRun.php: call d:\xampp\ubin/plotgraph.exe d:\xampp 0
260129122737: MrtgAutoRun.php: call d:\xampp\ubin/plotgraph.exe d:\xampp 0
260129122810: MrtgAutoRun.php: call d:\xampp\ubin/plotgraph.exe d:\xampp 0
260129122845: MrtgAutoRun.php: call d:\xampp\ubin/plotgraph.exe d:\xampp 0
260129122919: MrtgAutoRun.php: call d:\xampp\ubin/plotgraph.exe d:\xampp 0
260129122951: MrtgAutoRun.php: call d:\xampp\ubin/plotgraph.exe d:\xampp 0
260129123025: MrtgAutoRun.php: call d:\xampp\ubin/plotgraph.exe d:\xampp 0
260129123059: MrtgAutoRun.php: call d:\xampp\ubin/plotgraph.exe d:\xampp 0
260129123133: MrtgAutoRun.php: call d:\xampp\ubin/plotgraph.exe d:\xampp 0
260129123207: MrtgAutoRun.php: call d:\xampp\ubin/plotgraph.exe d:\xampp 0
260129123240: MrtgAutoRun.php: call d:\xampp\ubin/plotgraph.exe d:\xampp 0
260129123313: MrtgAutoRun.php: call d:\xampp\ubin/plotgraph.exe d:\xampp 0
260129123346: MrtgAutoRun.php: call d:\xampp\ubin/plotgraph.exe d:\xampp 0
260129123421: MrtgAutoRun.php: call d:\xampp\ubin/plotgraph.exe d:\xampp 0
260129170532: MrtgAutoRun.php: call d:\xampp\ubin/plotgraph.exe d:\xampp 0
260129170607: MrtgAutoRun.php: call d:\xampp\ubin/plotgraph.exe d:\xampp 0
260129170641: MrtgAutoRun.php: call d:\xampp\ubin/plotgraph.exe d:\xampp 0
260129170721: MrtgAutoRun.php: call d:\xampp\ubin/plotgraph.exe d:\xampp 0
260129170756: MrtgAutoRun.php: call d:\xampp\ubin/plotgraph.exe d:\xampp 0
260129182446: MrtgAutoRun.php: call d:\xampp\ubin/plotgraph.exe d:\xampp 0
260129182525: MonitorCoreAuto.php: レイアウトにあるホスト10.168.253.235がホストテーブルにありません
260129182528: MrtgAutoRun.php: call d:\xampp\ubin/plotgraph.exe d:\xampp 0
260129182606: MonitorCoreAuto.php: レイアウトにあるホスト10.81.26.235がホストテーブルにありません
260129182611: MrtgAutoRun.php: call d:\xampp\ubin/plotgraph.exe d:\xampp 0
260129182650: MrtgAutoRun.php: call d:\xampp\ubin/plotgraph.exe d:\xampp 0
260129182733: MrtgAutoRun.php: call d:\xampp\ubin/plotgraph.exe d:\xampp 0
260129182816: MrtgAutoRun.php: call d:\xampp\ubin/plotgraph.exe d:\xampp 0
260129182857: MrtgAutoRun.php: call d:\xampp\ubin/plotgraph.exe d:\xampp 0
260129182938: MrtgAutoRun.php: call d:\xampp\ubin/plotgraph.exe d:\xampp 0
260129183017: MrtgAutoRun.php: call d:\xampp\ubin/plotgraph.exe d:\xampp 0
260129183054: MrtgAutoRun.php: call d:\xampp\ubin/plotgraph.exe d:\xampp 0
260129183138: MrtgAutoRun.php: call d:\xampp\ubin/plotgraph.exe d:\xampp 0
260129183218: MrtgAutoRun.php: call d:\xampp\ubin/plotgraph.exe d:\xampp 0
260129183256: MrtgAutoRun.php: call d:\xampp\ubin/plotgraph.exe d:\xampp 0
260129183336: MrtgAutoRun.php: call d:\xampp\ubin/plotgraph.exe d:\xampp 0
260129183424: MrtgAutoRun.php: call d:\xampp\ubin/plotgraph.exe d:\xampp 0
260129183429: AdminPage.php: AdminTB Updated sql: update admintb set 
         authority='1',
         receiver='vmadmin@localhost',
         sender='vmadmin@localhost',
         subject='subject',
         body='body',
         monintval='30',
         snmpintval='30',
         debug='1',
         kanrino='11000',
         hosthyouji='0',
         haikei='umi.png',
         bgcolor=''
260129183429: AdminPage.php: メールサーバ使用不可能をstatusテーブルで検知
260129183429: AdminPage.php: phpsendmailから通知 送信失敗 ***** VisualMonitor (通知) *****
From: Title SubTitle admin
Date: 2026-01-29 18:34:29
Event: 監視管理
Origin: 管理情報変更  
Source: 管理情報変更 
Additional Info:

 vmadmin@localhost vmadmin@localhost

260129183430: monitorlayout: result!=2 audio/alert1.mp3
260129183458: MrtgAutoRun.php: call d:\xampp\perl\bin\perl.exe d:\xampp\mrtg\bin\mrtg d:\xampp\htdocs\mrtg/newmrtg.cfg
260129183458: MrtgAutoRun.php: call d:\xampp\ubin/plotgraph.exe d:\xampp 1
260129183541: MrtgAutoRun.php: call d:\xampp\ubin/plotgraph.exe d:\xampp 0
260129183621: MrtgAutoRun.php: call d:\xampp\ubin/plotgraph.exe d:\xampp 0
260129183701: MrtgAutoRun.php: call d:\xampp\ubin/plotgraph.exe d:\xampp 0
260129183742: MrtgAutoRun.php: call d:\xampp\ubin/plotgraph.exe d:\xampp 0
260129183823: MrtgAutoRun.php: call d:\xampp\ubin/plotgraph.exe d:\xampp 0
260129183904: MrtgAutoRun.php: call d:\xampp\ubin/plotgraph.exe d:\xampp 0
260129183944: MrtgAutoRun.php: call d:\xampp\ubin/plotgraph.exe d:\xampp 0
260129184024: MrtgAutoRun.php: call d:\xampp\ubin/plotgraph.exe d:\xampp 0
260129184106: MrtgAutoRun.php: call d:\xampp\ubin/plotgraph.exe d:\xampp 0
260129184138: MrtgAutoRun.php: call d:\xampp\ubin/plotgraph.exe d:\xampp 0
260129184220: MrtgAutoRun.php: call d:\xampp\ubin/plotgraph.exe d:\xampp 0
260129184302: MrtgAutoRun.php: call d:\xampp\ubin/plotgraph.exe d:\xampp 0
260129184344: MrtgAutoRun.php: call d:\xampp\ubin/plotgraph.exe d:\xampp 0
260129184424: MrtgAutoRun.php: call d:\xampp\ubin/plotgraph.exe d:\xampp 0
260129184507: MrtgAutoRun.php: call d:\xampp\ubin/plotgraph.exe d:\xampp 0
260129184551: MrtgAutoRun.php: call d:\xampp\ubin/plotgraph.exe d:\xampp 0
260129184634: MrtgAutoRun.php: call d:\xampp\ubin/plotgraph.exe d:\xampp 0
260129184719: MrtgAutoRun.php: call d:\xampp\ubin/plotgraph.exe d:\xampp 0
260129184756: MrtgAutoRun.php: call d:\xampp\ubin/plotgraph.exe d:\xampp 0
260129184841: MrtgAutoRun.php: call d:\xampp\ubin/plotgraph.exe d:\xampp 0
260129184925: MrtgAutoRun.php: call d:\xampp\ubin/plotgraph.exe d:\xampp 0
260129185010: MrtgAutoRun.php: call d:\xampp\ubin/plotgraph.exe d:\xampp 0
260129190714: MrtgAutoRun.php: call d:\xampp\ubin/plotgraph.exe d:\xampp 0
260129190748: MrtgAutoRun.php: call d:\xampp\ubin/plotgraph.exe d:\xampp 0
260129190832: MrtgAutoRun.php: call d:\xampp\ubin/plotgraph.exe d:\xampp 0
