260116172648: mysqlkanshi.php: Exception:select authority,receiver,sender,subject,snmpintval from admintb
260116172705: mysqlkanshi.php: Exception:select authority,receiver,sender,subject,snmpintval from admintb
260116172709: mysqlkanshi.php: Exception:select userid,password,authority,username,usercode,timestamp,bgcolor,audio from user where userid="admin"
260116172713: mysqlkanshi.php: Exception:select debug from admintb
260116172735: mysqlkanshi.php: Exception:select authority,receiver,sender,subject,snmpintval from admintb
260116172739: mysqlkanshi.php: Exception:select userid,password,authority,username,usercode,timestamp,bgcolor,audio from user where userid="admin"
260116172743: mysqlkanshi.php: Exception:select debug from admintb
260116172806: mysqlkanshi.php: Exception:select authority,receiver,sender,subject,snmpintval from admintb
260116172810: mysqlkanshi.php: Exception:select userid,password,authority,username,usercode,timestamp,bgcolor,audio from user where userid="admin"
260116172814: mysqlkanshi.php: Exception:select debug from admintb
260116172934: MrtgAutoRun.php: call d:\xampp\ubin/plotgraph.exe d:\xampp 0
260116173005: MrtgAutoRun.php: call d:\xampp\ubin/plotgraph.exe d:\xampp 0
260116173037: MrtgAutoRun.php: call d:\xampp\ubin/plotgraph.exe d:\xampp 0
260116173109: MrtgAutoRun.php: call d:\xampp\ubin/plotgraph.exe d:\xampp 0
260116190028: mysqlkanshi.php: Exception:select authority,receiver,sender,subject,snmpintval from admintb
260116190049: mysqlkanshi.php: Exception:select authority,receiver,sender,subject,snmpintval from admintb
260116190059: mysqlkanshi.php: Exception:select authority,receiver,sender,subject,snmpintval from admintb
260116190642: MrtgAutoRun.php: call d:\xampp\ubin/plotgraph.exe d:\xampp 0
260116190713: MrtgAutoRun.php: call d:\xampp\ubin/plotgraph.exe d:\xampp 0
260116190744: MrtgAutoRun.php: call d:\xampp\ubin/plotgraph.exe d:\xampp 0
260116190815: MrtgAutoRun.php: call d:\xampp\ubin/plotgraph.exe d:\xampp 0
260116190847: MrtgAutoRun.php: call d:\xampp\ubin/plotgraph.exe d:\xampp 0
260116190910: MonitorCoreAuto.php: レイアウトにあるホストwww,google.comがホストテーブルにありません
260116190910: MonitorCoreAuto.php: レイアウトにあるホストwww.yahoo.co.pがホストテーブルにありません
260116190910: MonitorCoreAuto.php: レイアウトにあるホストwww.mm-p.co.jpがホストテーブルにありません
260116190918: MrtgAutoRun.php: call d:\xampp\ubin/plotgraph.exe d:\xampp 0
260116190940: MonitorCoreAuto.php: レイアウトにあるホストwww,google.comがホストテーブルにありません
260116190941: MonitorCoreAuto.php: レイアウトにあるホストwww.yahoo.co.pがホストテーブルにありません
260116190941: MonitorCoreAuto.php: レイアウトにあるホストwww.mm-p.co.jpがホストテーブルにありません
260116190949: MrtgAutoRun.php: call d:\xampp\ubin/plotgraph.exe d:\xampp 0
260116191011: MonitorCoreAuto.php: レイアウトにあるホストwww,google.comがホストテーブルにありません
260116191011: MonitorCoreAuto.php: レイアウトにあるホストwww.yahoo.co.pがホストテーブルにありません
260116191011: MonitorCoreAuto.php: レイアウトにあるホストwww.mm-p.co.jpがホストテーブルにありません
260116191020: MrtgAutoRun.php: call d:\xampp\ubin/plotgraph.exe d:\xampp 0
260116191041: MonitorCoreAuto.php: レイアウトにあるホストwww,google.comがホストテーブルにありません
260116191041: MonitorCoreAuto.php: レイアウトにあるホストwww.yahoo.co.pがホストテーブルにありません
260116191041: MonitorCoreAuto.php: レイアウトにあるホストwww.mm-p.co.jpがホストテーブルにありません
260116191052: MrtgAutoRun.php: call d:\xampp\ubin/plotgraph.exe d:\xampp 0
260116191111: MonitorCoreAuto.php: レイアウトにあるホストwww,google.comがホストテーブルにありません
260116191111: MonitorCoreAuto.php: レイアウトにあるホストwww.yahoo.co.pがホストテーブルにありません
260116191111: MonitorCoreAuto.php: レイアウトにあるホストwww.mm-p.co.jpがホストテーブルにありません
260116191123: MrtgAutoRun.php: call d:\xampp\ubin/plotgraph.exe d:\xampp 0
260116191141: MonitorCoreAuto.php: レイアウトにあるホストwww,google.comがホストテーブルにありません
260116191141: MonitorCoreAuto.php: レイアウトにあるホストwww.yahoo.co.pがホストテーブルにありません
260116191141: MonitorCoreAuto.php: レイアウトにあるホストwww.mm-p.co.jpがホストテーブルにありません
260116191155: MrtgAutoRun.php: call d:\xampp\ubin/plotgraph.exe d:\xampp 0
260116191212: MonitorCoreAuto.php: レイアウトにあるホストwww,google.comがホストテーブルにありません
260116191212: MonitorCoreAuto.php: レイアウトにあるホストwww.yahoo.co.pがホストテーブルにありません
260116191212: MonitorCoreAuto.php: レイアウトにあるホストwww.mm-p.co.jpがホストテーブルにありません
260116191226: MrtgAutoRun.php: call d:\xampp\ubin/plotgraph.exe d:\xampp 0
260116191242: MonitorCoreAuto.php: レイアウトにあるホストwww,google.comがホストテーブルにありません
260116191242: MonitorCoreAuto.php: レイアウトにあるホストwww.yahoo.co.pがホストテーブルにありません
260116191242: MonitorCoreAuto.php: レイアウトにあるホストwww.mm-p.co.jpがホストテーブルにありません
260116191257: MrtgAutoRun.php: call d:\xampp\ubin/plotgraph.exe d:\xampp 0
260116191312: MonitorCoreAuto.php: レイアウトにあるホストwww,google.comがホストテーブルにありません
260116191312: MonitorCoreAuto.php: レイアウトにあるホストwww.yahoo.co.pがホストテーブルにありません
260116191329: MrtgAutoRun.php: call d:\xampp\ubin/plotgraph.exe d:\xampp 0
260116191343: MonitorCoreAuto.php: レイアウトにあるホストwww,google.comがホストテーブルにありません
260116191343: MonitorCoreAuto.php: レイアウトにあるホストwww.yahoo.co.pがホストテーブルにありません
260116191400: MrtgAutoRun.php: call d:\xampp\ubin/plotgraph.exe d:\xampp 0
260116191413: MonitorCoreAuto.php: レイアウトにあるホストwww,google.comがホストテーブルにありません
260116191413: MonitorCoreAuto.php: レイアウトにあるホストwww.yahoo.co.pがホストテーブルにありません
260116191432: MrtgAutoRun.php: call d:\xampp\ubin/plotgraph.exe d:\xampp 0
260116191443: MonitorCoreAuto.php: レイアウトにあるホストwww,google.comがホストテーブルにありません
260116191443: MonitorCoreAuto.php: レイアウトにあるホストwww.yahoo.co.pがホストテーブルにありません
260116191504: MrtgAutoRun.php: call d:\xampp\ubin/plotgraph.exe d:\xampp 0
260116191513: MonitorCoreAuto.php: レイアウトにあるホストwww,google.comがホストテーブルにありません
260116191513: MonitorCoreAuto.php: レイアウトにあるホストwww.yahoo.co.pがホストテーブルにありません
260116191535: MrtgAutoRun.php: call d:\xampp\ubin/plotgraph.exe d:\xampp 0
260116191544: MonitorCoreAuto.php: レイアウトにあるホストwww,google.comがホストテーブルにありません
260116191544: MonitorCoreAuto.php: レイアウトにあるホストwww.yahoo.co.pがホストテーブルにありません
260116191607: MrtgAutoRun.php: call d:\xampp\ubin/plotgraph.exe d:\xampp 0
260116191614: MonitorCoreAuto.php: レイアウトにあるホストwww.google.vo.jpがホストテーブルにありません
260116191638: MrtgAutoRun.php: call d:\xampp\ubin/plotgraph.exe d:\xampp 0
260116191644: MonitorCoreAuto.php: レイアウトにあるホストwww.google.vo.jpがホストテーブルにありません
260116191710: MrtgAutoRun.php: call d:\xampp\ubin/plotgraph.exe d:\xampp 0
260116191715: MonitorCoreAuto.php: レイアウトにあるホストwww.google.vo.jpがホストテーブルにありません
260116191726: mysqlkanshi.php: Exception:select * from g order by gsequence
260116191741: MrtgAutoRun.php: call d:\xampp\ubin/plotgraph.exe d:\xampp 0
260116191745: MonitorCoreAuto.php: レイアウトにあるホストwww.google.vo.jpがホストテーブルにありません
260116191812: MrtgAutoRun.php: call d:\xampp\ubin/plotgraph.exe d:\xampp 0
260116191815: MonitorCoreAuto.php: レイアウトにあるホストwww.google.vo.jpがホストテーブルにありません
260116191843: MrtgAutoRun.php: call d:\xampp\ubin/plotgraph.exe d:\xampp 0
260116191846: MonitorCoreAuto.php: レイアウトにあるホストwww.google.vo.jpがホストテーブルにありません
260116191915: MrtgAutoRun.php: call d:\xampp\ubin/plotgraph.exe d:\xampp 0
260116191916: MonitorCoreAuto.php: レイアウトにあるホストwww.google.vo.jpがホストテーブルにありません
260116191947: MrtgAutoRun.php: call d:\xampp\ubin/plotgraph.exe d:\xampp 0
260116192019: MrtgAutoRun.php: call d:\xampp\ubin/plotgraph.exe d:\xampp 0
260116192052: MrtgAutoRun.php: call d:\xampp\ubin/plotgraph.exe d:\xampp 0
260116192123: MrtgAutoRun.php: call d:\xampp\ubin/plotgraph.exe d:\xampp 0
260116192154: MrtgAutoRun.php: call d:\xampp\ubin/plotgraph.exe d:\xampp 0
260116192226: MrtgAutoRun.php: call d:\xampp\ubin/plotgraph.exe d:\xampp 0
260116192257: MrtgAutoRun.php: call d:\xampp\ubin/plotgraph.exe d:\xampp 0
260116192329: MrtgAutoRun.php: call d:\xampp\ubin/plotgraph.exe d:\xampp 0
260116192401: MrtgAutoRun.php: call d:\xampp\ubin/plotgraph.exe d:\xampp 0
260116192433: MrtgAutoRun.php: call d:\xampp\ubin/plotgraph.exe d:\xampp 0
