250707052009: : histtbeee
250707052048: HistoryLogin.php: login edit regist
250707052048: HistoryLogin.php: #regist#aaa#123#
250707052048: HistoryRegist.php: first pass
250707052048: HistoryRegist.php: second pass
250707052122: HistoryRegist.php: first pass
250707052122: HistoryRegist.php: create table histtbaaa ( user varchar(20) not null primary key , password varchar(20) not null default '' , type varchar(81) not null default '' )
250707052123: HistoryRegist.php: insert into histtbaaa (user,password,type) values('aaa','123','クラス1:1;クラス2:1;クラス3:1;:1;:1;:1;:1;:1;:1')
250707052123: HistoryLogin.php: #regist#aaa#123#aaaの管理・ログテーブルを作成しました
250707052123: HistoryLogin.php: regist aaa 123 aaaの管理・ログテーブルを作成しました
250707052123: : histtbaaa
250707052123: : histtbeee
250707052231: HistoryLogin.php: login edit regist
250707052231: HistoryAdmin.php: first_pass
250707052231: HistoryAdmin.php: aaa
250707052231: HistoryAdmin.php: second pass
250707052300: HistoryLogin.php: #regist#aaa#123#aaaの管理・ログテーブルを作成しました
250707052300: HistoryLogin.php: regist aaa 123 aaaの管理・ログテーブルを作成しました
250707052300: : histtbaaa
250707052300: : histtbeee
250707052306: HistoryLogin.php: login edit regist
250707053654: HistoryLogin.php: #regist#aaa#123#aaaの管理・ログテーブルを作成しました
250707053654: HistoryLogin.php: regist aaa 123 aaaの管理・ログテーブルを作成しました
250707053654: : histtbaaa
250707053654: : histtbeee
250707053703: HistoryLogin.php: login edit regist
250707053703: HistoryLogin.php: #regist#bbb#123#
250707053703: HistoryRegist.php: first pass
250707053703: HistoryRegist.php: second pass
250707053731: HistoryRegist.php: first pass
250707053731: HistoryRegist.php: create table histtbbbb ( user varchar(20) not null primary key , password varchar(20) not null default '' , type varchar(81) not null default '' )
250707053731: HistoryRegist.php: insert into histtbbbb (user,password,type) values('bbb','123','クラス1:1;:1;クラス3:1;:1;クラス5:1;:1;:1;:1;クラス9:1')
250707053732: HistoryLogin.php: #regist#bbb#123#bbbの管理・ログテーブルを作成しました
250707053732: HistoryLogin.php: regist bbb 123 bbbの管理・ログテーブルを作成しました
250707053732: : histtbaaa
250707053732: : histtbbbb
250707053732: : histtbeee
250707053750: HistoryLogin.php: login edit regist
250707053750: HistoryAdmin.php: first_pass
250707053750: HistoryAdmin.php: bbb
250707053750: HistoryAdmin.php: second pass
250707060431: HistoryLogin.php: #regist#bbb#123#bbbの管理・ログテーブルを作成しました
250707060431: HistoryLogin.php: regist bbb 123 bbbの管理・ログテーブルを作成しました
250707060431: : histtbaaa
250707060431: : histtbbbb
250707060431: : histtbeee
250707060438: HistoryLogin.php: login edit regist
250707060438: HistoryLogin.php: #regist#ccc#123#
250707060438: HistoryRegist.php: first pass
250707060438: HistoryRegist.php: second pass
250707060543: HistoryRegist.php: first pass
250707060543: HistoryRegist.php: create table histtbccc ( user varchar(20) not null primary key , password varchar(20) not null default '' , type varchar(81) not null default '' )
250707060544: HistoryRegist.php: insert into histtbccc (user,password,type) values('ccc','123','分類1:1;クラス3:1;分類6:1;クラス8:1')
250707060544: HistoryLogin.php: #regist#ccc#123#cccの管理・ログテーブルを作成しました
250707060544: HistoryLogin.php: regist ccc 123 cccの管理・ログテーブルを作成しました
250707060544: : histtbaaa
250707060544: : histtbbbb
250707060544: : histtbccc
250707060544: : histtbeee
250707060945: HistoryLogin.php: #regist#ccc#123#cccの管理・ログテーブルを作成しました
250707060945: HistoryLogin.php: regist ccc 123 cccの管理・ログテーブルを作成しました
250707060945: : histtbaaa
250707060945: : histtbbbb
250707060945: : histtbccc
250707060945: : histtbeee
250707060957: HistoryLogin.php: login edit regist
250707060957: HistoryAdmin.php: first_pass
250707060957: HistoryAdmin.php: ccc
250707060957: HistoryAdmin.php: second pass
250707061048: HistoryLogin.php: #regist#ccc#123#cccの管理・ログテーブルを作成しました
250707061048: HistoryLogin.php: regist ccc 123 cccの管理・ログテーブルを作成しました
250707061048: : histtbaaa
250707061048: : histtbbbb
250707061048: : histtbccc
250707061048: : histtbeee
250707061057: HistoryLogin.php: login edit regist
250707061137: HistoryLogin.php: #regist#ccc#123#cccの管理・ログテーブルを作成しました
250707061137: HistoryLogin.php: regist ccc 123 cccの管理・ログテーブルを作成しました
250707061137: : histtbaaa
250707061137: : histtbbbb
250707061137: : histtbccc
250707061137: : histtbeee
250707061147: HistoryLogin.php: login edit regist
250707061147: HistoryAdmin.php: first_pass
250707061147: HistoryAdmin.php: ccc
250707061147: HistoryAdmin.php: second pass
250707061255: HistoryAdmin.php: first_pass
250707061255: HistoryAdmin.php: update histtbccc set password='123', type='分類1;クラス3;分類6;クラス8;分類５;;;;'
250707061256: HistoryLogin.php: #notic#ccc#123#ccc更新処理は終了しました
250707061256: HistoryLogin.php: notic ccc 123 ccc更新処理は終了しました
250707061256: : histtbaaa
250707061256: : histtbbbb
250707061256: : histtbccc
250707061256: : histtbeee
250707061310: HistoryLogin.php: login edit regist
250707061310: HistoryAdmin.php: first_pass
250707061310: HistoryAdmin.php: ccc
250707061310: HistoryAdmin.php: second pass
250707061400: HistoryLogin.php: #notic#ccc#123#ccc更新処理は終了しました
250707061400: HistoryLogin.php: notic ccc 123 ccc更新処理は終了しました
250707061400: : histtbaaa
250707061400: : histtbbbb
250707061400: : histtbccc
250707061400: : histtbeee
250707061407: HistoryLogin.php: login edit regist
250707081542: HistoryLogin.php: login edit regist
250707082138: HistoryMain.php: gethisttb:
250707082219: HistoryLogin.php: #notic#ccc#123#ccc更新処理は終了しました
250707082219: HistoryLogin.php: notic ccc 123 ccc更新処理は終了しました
250707082219: : histtbaaa
250707082219: : histtbbbb
250707082219: : histtbccc
250707082219: : histtbeee
250707082226: HistoryLogin.php: login edit regist
250707082226: HistoryAdmin.php: first_pass
250707082226: HistoryAdmin.php: ccc
250707082226: HistoryAdmin.php: second pass
250707082246: HistoryLogin.php: login edit regist
250707082246: HistoryMain.php: gethisttb:
250707082321: HistoryMain.php: gethisttb:分類1;クラス3;分類6;クラス8;分類５;;;;
250707083352: HistoryMain.php: gethisttb:分類1;クラス3;分類6;クラス8;分類５;
250707083645: : 分類1;
250707083645: : 分類1;クラス3;
250707083645: : 分類1;クラス3;分類6;
250707083645: : 分類1;クラス3;分類6;クラス8;
250707083645: : 分類1;クラス3;分類6;クラス8;分類５;
250707083645: : 分類1;
250707083645: : 分類1;クラス3;
250707083645: : 分類1;クラス3;分類6;
250707083645: : 分類1;クラス3;分類6;クラス8;
250707083645: : 分類1;クラス3;分類6;クラス8;分類５;
250707083645: HistoryMain.php: gethisttb:分類1;クラス3;分類6;クラス8;分類５;
250707083645: : 分類1;
250707083645: : 分類1;クラス3;
250707083645: : 分類1;クラス3;分類6;
250707083645: : 分類1;クラス3;分類6;クラス8;
250707083645: : 分類1;クラス3;分類6;クラス8;分類５;
250707083838: : 分類1;
250707083838: : 分類1;クラス3;
250707083838: : 分類1;クラス3;分類6;
250707083838: : 分類1;クラス3;分類6;クラス8;
250707083838: : 分類1;クラス3;分類6;クラス8;分類５;
250707083838: : 分類1;クラス3;分類6;クラス8;分類５;
250707083838: : 分類1;
250707083838: : 分類1;クラス3;
250707083838: : 分類1;クラス3;分類6;
250707083838: : 分類1;クラス3;分類6;クラス8;
250707083838: : 分類1;クラス3;分類6;クラス8;分類５;
250707083838: : 分類1;クラス3;分類6;クラス8;分類５;
250707083838: HistoryMain.php: gethisttb:分類1;クラス3;分類6;クラス8;分類５;
250707083838: : 分類1;
250707083838: : 分類1;クラス3;
250707083838: : 分類1;クラス3;分類6;
250707083838: : 分類1;クラス3;分類6;クラス8;
250707083838: : 分類1;クラス3;分類6;クラス8;分類５;
250707083838: : 分類1;クラス3;分類6;クラス8;分類５;
250707084121: : 分類1;
250707084121: : 分類1;クラス3;
250707084121: : 分類1;クラス3;分類6;
250707084121: : 分類1;クラス3;分類6;クラス8;
250707084121: : 分類1;クラス3;分類6;クラス8;分類５;
250707084121: : 分類1;クラス3;分類6;クラス8;分類５
250707084121: : 分類1;
250707084121: : 分類1;クラス3;
250707084121: : 分類1;クラス3;分類6;
250707084121: : 分類1;クラス3;分類6;クラス8;
250707084121: : 分類1;クラス3;分類6;クラス8;分類５;
250707084121: : 分類1;クラス3;分類6;クラス8;分類５
250707084121: HistoryMain.php: gethisttb:分類1;クラス3;分類6;クラス8;分類５;
250707084121: : 分類1;
250707084121: : 分類1;クラス3;
250707084121: : 分類1;クラス3;分類6;
250707084121: : 分類1;クラス3;分類6;クラス8;
250707084121: : 分類1;クラス3;分類6;クラス8;分類５;
250707084121: : 分類1;クラス3;分類6;クラス8;分類５
250707084241: HistoryMain.php: gethisttb:分類1;クラス3;分類6;クラス8;分類５
250707092302: HistoryLogin.php: #notic#ccc#123#ccc更新処理は終了しました
250707092302: HistoryLogin.php: notic ccc 123 ccc更新処理は終了しました
250707092302: : histtbaaa
250707092302: : histtbbbb
250707092302: : histtbccc
250707092302: : histtbeee
250707092308: HistoryLogin.php: login edit regist
250707092308: HistoryLogin.php: #regist#ddd#123#
250707092308: HistoryRegist.php: first pass
250707092308: HistoryRegist.php: second pass
250707092336: HistoryRegist.php: first pass
250707092336: HistoryRegist.php: create table histtbddd ( user varchar(20) not null primary key , password varchar(20) not null default '' , type varchar(81) not null default '' )
250707092336: HistoryRegist.php: insert into histtbddd (user,password,type) values('ddd','123','クラス1:1;クラス2:1;黄色３:2;クラス4:1;クラス5:1;クラス6:1;クラス7:1;クラス8:1;クラス9:1')
250707092336: HistoryLogin.php: #regist#ddd#123#dddの管理・ログテーブルを作成しました
250707092336: HistoryLogin.php: regist ddd 123 dddの管理・ログテーブルを作成しました
250707092336: : histtbaaa
250707092336: : histtbbbb
250707092336: : histtbccc
250707092336: : histtbddd
250707092336: : histtbeee
250707102055: HistoryLogin.php: login edit regist
250707102055: HistoryLogin.php: #regist#ddd#123#
250707102201: HistoryRegist.php: first pass
250707102201: HistoryRegist.php: second pass
250707102229: HistoryRegist.php: first pass
250707102229: HistoryRegist.php: regist:クラス1:1;
250707102229: HistoryRegist.php: regist:クラス1:1;クラス3:1;
250707102229: HistoryRegist.php: regist:クラス1:1;クラス3:1;クラス5:1;
250707102229: HistoryRegist.php: regist:クラス1:1;クラス3:1;クラス5:1;分類６:5;
250707102229: HistoryRegist.php: regist:クラス1:1;クラス3:1;クラス5:1;分類６:5;クラス7:1;
250707102229: HistoryRegist.php: regist:クラス1:1;クラス3:1;クラス5:1;分類６:5;クラス7:1;クラス8:1;
250707102229: HistoryRegist.php: regist:クラス1:1;クラス3:1;クラス5:1;分類６:5;クラス7:1;クラス8:1;クラス9:1;
250707102229: HistoryRegist.php: create table histtbddd ( user varchar(20) not null primary key , password varchar(20) not null default '' , type varchar(81) not null default '' )
250707102301: HistoryLogin.php: #regist#ddd#123#dddの管理・ログテーブルを作成しました
250707102301: HistoryLogin.php: regist ddd 123 dddの管理・ログテーブルを作成しました
250707102301: : histtbaaa
250707102301: : histtbbbb
250707102301: : histtbccc
250707102301: : histtbddd
250707102301: : histtbeee
250707102313: HistoryLogin.php: login edit regist
250707102313: HistoryLogin.php: #regist#fff#123#
250707102313: HistoryRegist.php: first pass
250707102313: HistoryRegist.php: second pass
250707102414: HistoryRegist.php: first pass
250707102414: HistoryRegist.php: regist:クラス1:1;
250707102414: HistoryRegist.php: regist:クラス1:1;分類２:2;
250707102414: HistoryRegist.php: regist:クラス1:1;分類２:2;クラス3:1;
250707102414: HistoryRegist.php: regist:クラス1:1;分類２:2;クラス3:1;分類４:4;
250707102414: HistoryRegist.php: regist:クラス1:1;分類２:2;クラス3:1;分類４:4;クラス5:1;
250707102414: HistoryRegist.php: regist:クラス1:1;分類２:2;クラス3:1;分類４:4;クラス5:1;クラス6:1;
250707102414: HistoryRegist.php: regist:クラス1:1;分類２:2;クラス3:1;分類４:4;クラス5:1;クラス6:1;クラス7:1;
250707102414: HistoryRegist.php: regist:クラス1:1;分類２:2;クラス3:1;分類４:4;クラス5:1;クラス6:1;クラス7:1;クラス8:1;
250707102414: HistoryRegist.php: regist:クラス1:1;分類２:2;クラス3:1;分類４:4;クラス5:1;クラス6:1;クラス7:1;クラス8:1;クラス9:1;
250707102414: HistoryRegist.php: create table histtbfff ( user varchar(20) not null primary key , password varchar(20) not null default '' , type varchar(81) not null default '' )
250707102414: HistoryRegist.php: insert into histtbfff (user,password,type) values('fff','123','クラス1:1;分類２:2;クラス3:1;分類４:4;クラス5:1;クラス6:1;クラス7:1;クラス8:1;クラス9:1')
250707102415: HistoryLogin.php: #regist#fff#123#fffの管理・ログテーブルを作成しました
250707102415: HistoryLogin.php: regist fff 123 fffの管理・ログテーブルを作成しました
250707102415: : histtbaaa
250707102415: : histtbbbb
250707102415: : histtbccc
250707102415: : histtbddd
250707102415: : histtbeee
250707102415: : histtbfff
250707102428: HistoryLogin.php: login edit regist
250707102428: HistoryAdmin.php: first_pass
250707102428: HistoryAdmin.php: fff
250707102428: HistoryAdmin.php: second pass
250707102705: HistoryAdmin.php: first_pass
250707102705: HistoryAdmin.php: update histtbfff set password='123', type='クラス1;分類２;クラス3;分類４;;;;;'
250707102706: HistoryLogin.php: #notic#fff#123#fff更新処理は終了しました
250707102706: HistoryLogin.php: notic fff 123 fff更新処理は終了しました
250707102706: : histtbaaa
250707102706: : histtbbbb
250707102706: : histtbccc
250707102706: : histtbddd
250707102706: : histtbeee
250707102706: : histtbfff
250707102717: HistoryLogin.php: login edit regist
250707102717: HistoryMain.php: gethisttb:クラス1;分類２;クラス3;分類４
250707102750: HistoryLogin.php: #notic#fff#123#fff更新処理は終了しました
250707102750: HistoryLogin.php: notic fff 123 fff更新処理は終了しました
250707102750: : histtbaaa
250707102750: : histtbbbb
250707102750: : histtbccc
250707102750: : histtbddd
250707102750: : histtbeee
250707102750: : histtbfff
250707102757: HistoryLogin.php: login edit regist
250707102757: HistoryAdmin.php: first_pass
250707102757: HistoryAdmin.php: fff
250707102757: HistoryAdmin.php: second pass
250707102822: HistoryAdmin.php: first_pass
250707102822: HistoryAdmin.php: update histtbfff set password='123', type='クラス1;分類２;クラス3;分類４;分類５;;;;'
250707102822: HistoryLogin.php: #notic#fff#123#fff更新処理は終了しました
250707102822: HistoryLogin.php: notic fff 123 fff更新処理は終了しました
250707102822: : histtbaaa
250707102822: : histtbbbb
250707102822: : histtbccc
250707102822: : histtbddd
250707102822: : histtbeee
250707102822: : histtbfff
250707114243: : histtbaaa
250707114243: : histtbbbb
250707114243: : histtbccc
250707114243: : histtbddd
250707114243: : histtbeee
250707114243: : histtbfff
250707114256: HistoryLogin.php: login edit regist
250707114256: HistoryLogin.php: #regist#gggg#123#
250707114256: HistoryRegist.php: first pass
250707114256: HistoryRegist.php: second pass
250707114413: HistoryRegist.php: first pass
250707114413: HistoryRegist.php: regist:分類１:1;
250707114413: HistoryRegist.php: regist:分類１:1;分類２:2;
250707114413: HistoryRegist.php: regist:分類１:1;分類２:2;分類４:4;
250707114413: HistoryRegist.php: create table histtbgggg ( user varchar(20) not null primary key , password varchar(20) not null default '' , type varchar(81) not null default '' )
250707114413: HistoryRegist.php: insert into histtbgggg (user,password,type) values('gggg','123','分類１:1;分類２:2;分類４:4')
250707114413: HistoryLogin.php: #regist#gggg#123#ggggの管理・ログテーブルを作成しました
250707114413: HistoryLogin.php: regist gggg 123 ggggの管理・ログテーブルを作成しました
250707114413: : histtbaaa
250707114413: : histtbbbb
250707114413: : histtbccc
250707114413: : histtbddd
250707114413: : histtbeee
250707114413: : histtbfff
250707114413: : histtbgggg
250707114501: HistoryLogin.php: login edit regist
250707114501: HistoryLogin.php: #error#ggg#123#設定が見つかりません、ユーザーを見直すか登録をして下さい
250707114501: HistoryLogin.php: error ggg 123 設定が見つかりません、ユーザーを見直すか登録をして下さい
250707114501: : histtbaaa
250707114501: : histtbbbb
250707114501: : histtbccc
250707114501: : histtbddd
250707114501: : histtbeee
250707114501: : histtbfff
250707114501: : histtbgggg
250707114522: HistoryLogin.php: login edit regist
250707114522: HistoryLogin.php: #error#888g#123#設定が見つかりません、ユーザーを見直すか登録をして下さい
250707114522: HistoryLogin.php: error 888g 123 設定が見つかりません、ユーザーを見直すか登録をして下さい
250707114522: : histtbaaa
250707114522: : histtbbbb
250707114522: : histtbccc
250707114522: : histtbddd
250707114522: : histtbeee
250707114522: : histtbfff
250707114522: : histtbgggg
250707114548: HistoryLogin.php: login edit regist
250707114548: HistoryAdmin.php: first_pass
250707114548: HistoryAdmin.php: gggg
250707114548: HistoryAdmin.php: second pass
250707114618: HistoryAdmin.php: first_pass
250707114618: HistoryAdmin.php: update:分類１:1;
250707114618: HistoryAdmin.php: update:分類１:1;分類２:2;
250707114618: HistoryAdmin.php: update:分類１:1;分類２:2;分類４:4;
250707114618: HistoryAdmin.php: update:分類１:1;分類２:2;分類４:4;分類５:5;
250707114618: HistoryAdmin.php: update histtbgggg set password='123', type='分類１:1;分類２:2;分類４:4;分類５:5'
250707114619: HistoryLogin.php: #notic#gggg#123#gggg更新処理は終了しました
250707114619: HistoryLogin.php: notic gggg 123 gggg更新処理は終了しました
250707114619: : histtbaaa
250707114619: : histtbbbb
250707114619: : histtbccc
250707114619: : histtbddd
250707114619: : histtbeee
250707114619: : histtbfff
250707114619: : histtbgggg
250707134903: HistoryLogin.php: login edit regist
250707134903: HistoryMain.php: gethisttb:分類１:1;分類２:2;分類４:4;分類５:5
250707134959: HistoryMain.php: gethisttb:分類１:1;分類２:2;分類４:4;分類５:5
250707135500: HistoryMain.php: gethisttb:分類１:1;分類２:2;分類４:4;分類５:5
250707135500: HistoryMain.php: gethisttb:分類１:1;分類２:2;分類４:4;分類５:5
250707135500: HistoryMain.php: tkey:1 tval:分類１
250707135500: HistoryMain.php: tkey:2 tval:分類２
250707135500: HistoryMain.php: tkey:3 tval:分類４
250707135500: HistoryMain.php: tkey:4 tval:分類５
250707135619: HistoryMain.php: gethisttb:分類１:1;分類２:2;分類４:4;分類５:5
250707135619: HistoryMain.php: gethisttb:分類１:1;分類２:2;分類４:4;分類５:5
250707135619: HistoryMain.php: tkey:1 tval:分類１
250707135619: HistoryMain.php: tkey:2 tval:分類２
250707135619: HistoryMain.php: tkey:3 tval:分類４
250707135619: HistoryMain.php: tkey:4 tval:分類５
250707140313: HistoryLogin.php: #notic#gggg#123#gggg更新処理は終了しました
250707140313: HistoryLogin.php: notic gggg 123 gggg更新処理は終了しました
250707140313: : histtbaaa
250707140313: : histtbbbb
250707140313: : histtbccc
250707140313: : histtbddd
250707140313: : histtbeee
250707140313: : histtbfff
250707140313: : histtbgggg
250707140611: HistoryLogin.php: #notic#gggg#123#gggg更新処理は終了しました
250707140611: HistoryLogin.php: notic gggg 123 gggg更新処理は終了しました
250707140611: : histtbaaa
250707140611: : histtbbbb
250707140611: : histtbccc
250707140611: : histtbddd
250707140611: : histtbeee
250707140611: : histtbfff
250707140611: : histtbgggg
250707140612: HistoryLogin.php: #notic#gggg#123#gggg更新処理は終了しました
250707140612: HistoryLogin.php: notic gggg 123 gggg更新処理は終了しました
250707140612: : histtbaaa
250707140612: : histtbbbb
250707140612: : histtbccc
250707140612: : histtbddd
250707140612: : histtbeee
250707140612: : histtbfff
250707140612: : histtbgggg
250707140614: HistoryLogin.php: #notic#gggg#123#gggg更新処理は終了しました
250707140614: HistoryLogin.php: notic gggg 123 gggg更新処理は終了しました
250707140614: : histtbaaa
250707140614: : histtbbbb
250707140614: : histtbccc
250707140614: : histtbddd
250707140614: : histtbeee
250707140614: : histtbfff
250707140614: : histtbgggg
250707140720: HistoryLogin.php: #notic#gggg#123#gggg更新処理は終了しました
250707140720: HistoryLogin.php: notic gggg 123 gggg更新処理は終了しました
250707140720: : histtbaaa
250707140720: : histtbbbb
250707140720: : histtbccc
250707140720: : histtbddd
250707140720: : histtbeee
250707140720: : histtbfff
250707140720: : histtbgggg
